\BOOKMARK [0][-]{chapter*.2}{\376\377\000A\000u\000t\000h\000o\000r\000'\000s\000\040\000N\000o\000t\000e}{}% 1
\BOOKMARK [-1][-]{part.1}{\376\377\000I\000\040\000T\000h\000e\000\040\000M\000o\000l\000e\000c\000u\000l\000a\000r\000\040\000C\000h\000i\000l\000d\000h\000o\000o\000d}{}% 2
\BOOKMARK [0][-]{chapter.1}{\376\377\000T\000h\000e\000\040\000A\000n\000t\000s}{part.1}% 3
\BOOKMARK [0][-]{chapter.2}{\376\377\000B\000u\000g\000s\000\040\000a\000s\000\040\000F\000r\000i\000e\000n\000d\000s}{part.1}% 4
\BOOKMARK [0][-]{chapter.3}{\376\377\000T\000h\000e\000\040\000F\000i\000r\000s\000t\000\040\000M\000e\000a\000s\000u\000r\000e\000m\000e\000n\000t}{part.1}% 5
\BOOKMARK [0][-]{chapter.4}{\376\377\000T\000h\000e\000\040\000L\000e\000t\000t\000e\000r\000\040\000t\000o\000\040\000P\000r\000e\000s\000i\000d\000e\000n\000t\000\040\000B\000u\000s\000h}{part.1}% 6
\BOOKMARK [0][-]{chapter.5}{\376\377\000T\000h\000e\000\040\000P\000a\000n\000d\000a\000\040\000T\000h\000a\000t\000\040\000H\000e\000l\000p\000e\000d\000\040\000M\000e\000\040\000E\000n\000g\000a\000g\000e}{part.1}% 7
\BOOKMARK [0][-]{chapter.6}{\376\377\000I\000n\000\040\000t\000h\000e\000\040\000S\000p\000a\000c\000e\000\040\000B\000e\000f\000o\000r\000e\000\040\000T\000h\000e\000y\000\040\000C\000a\000m\000e}{part.1}% 8
\BOOKMARK [-1][-]{part.2}{\376\377\000I\000I\000\040\000T\000h\000e\000\040\000M\000e\000a\000s\000u\000r\000e\000m\000e\000n\000t}{}% 9
\BOOKMARK [0][-]{chapter.7}{\376\377\000T\000h\000e\000\040\000O\000s\000c\000i\000l\000l\000a\000t\000i\000o\000n\000\040\000B\000e\000g\000i\000n\000s\000:\000\040\000C\000a\000p\000i\000t\000a\000l\000,\000\040\000P\000r\000o\000f\000i\000t\000,\000\040\000S\000e\000n\000i\000o\000r\000i\000t\000y}{part.2}% 10
\BOOKMARK [0][-]{chapter.8}{\376\377\000J\000a\000r\000r\000i\000d\000\040\000R\000a\000n\000e\000s\000\040\000a\000n\000d\000\040\000t\000h\000e\000\040\000C\000I\000A\000\040\000U\000n\000c\000l\000e}{part.2}% 11
\BOOKMARK [0][-]{chapter.9}{\376\377\000T\000e\000s\000t\000i\000m\000o\000n\000i\000e\000s\000\040\000f\000r\000o\000m\000\040\000F\000r\000i\000e\000n\000d\000s}{part.2}% 12
\BOOKMARK [0][-]{chapter.10}{\376\377\000M\000K\000-\000U\000l\000t\000r\000a\000:\000\040\000T\000h\000e\000\040\000H\000i\000s\000t\000o\000r\000i\000c\000a\000l\000\040\000C\000o\000n\000t\000e\000x\000t}{part.2}% 13
\BOOKMARK [0][-]{chapter.11}{\376\377\000T\000h\000e\000\040\000P\000a\000l\000a\000n\000t\000i\000r\000\040\000C\000o\000n\000n\000e\000c\000t\000i\000o\000n}{part.2}% 14
\BOOKMARK [-1][-]{part.3}{\376\377\000I\000I\000I\000\040\000T\000h\000e\000\040\000S\000y\000n\000t\000h\000e\000s\000i\000s}{}% 15
\BOOKMARK [0][-]{chapter.12}{\376\377\000W\000h\000y\000\040\000I\000\040\000S\000t\000u\000d\000i\000e\000d\000\040\000W\000h\000a\000t\000\040\000I\000\040\000S\000t\000u\000d\000i\000e\000d}{part.3}% 16
\BOOKMARK [0][-]{chapter.13}{\376\377\000T\000h\000e\000\040\000L\000o\000g\000i\000t\000\040\000a\000n\000d\000\040\000t\000h\000e\000\040\000L\000o\000g\000d\000e\000t\000:\000\040\000A\000\040\000M\000a\000t\000h\000e\000m\000a\000t\000i\000c\000a\000l\000\040\000M\000a\000n\000i\000f\000e\000s\000t\000o}{part.3}% 17
\BOOKMARK [0][-]{chapter.14}{\376\377\000A\000l\000e\000x\000a\000n\000d\000e\000r\000\040\000W\000e\000n\000d\000t\000\040\000a\000n\000d\000\040\000Q\000u\000a\000n\000t\000u\000m\000\040\000I\000n\000t\000e\000r\000n\000a\000t\000i\000o\000n\000a\000l\000\040\000R\000e\000l\000a\000t\000i\000o\000n\000s}{part.3}% 18
\BOOKMARK [0][-]{chapter.15}{\376\377\000K\000a\000r\000e\000n\000\040\000B\000a\000r\000a\000d\000\040\000a\000n\000d\000\040\000t\000h\000e\000\040\000E\000n\000t\000a\000n\000g\000l\000e\000m\000e\000n\000t\000\040\000o\000f\000\040\000E\000v\000e\000r\000y\000t\000h\000i\000n\000g}{part.3}% 19
\BOOKMARK [-1][-]{part.4}{\376\377\000I\000V\000\040\000T\000h\000e\000\040\000D\000i\000s\000l\000o\000d\000g\000e\000d\000\040\000F\000u\000t\000u\000r\000e}{}% 20
\BOOKMARK [0][-]{chapter.16}{\376\377\000T\000h\000e\000\040\000H\000e\000l\000l\000i\000s\000h\000\040\000P\000r\000e\000s\000e\000n\000t}{part.4}% 21
\BOOKMARK [0][-]{chapter.17}{\376\377\000T\000h\000e\000\040\000H\000e\000a\000v\000e\000n\000l\000y\000\040\000F\000u\000t\000u\000r\000e\000,\000\040\000D\000i\000s\000l\000o\000d\000g\000e\000d}{part.4}% 22
\BOOKMARK [0][-]{chapter.18}{\376\377\000W\000a\000k\000e\000n\000i\000n\000g\000\040\000t\000h\000e\000\040\000C\000r\000o\000w\000\040\000a\000n\000d\000\040\000t\000h\000e\000\040\000G\000h\000o\000s\000t\000\040\000T\000r\000o\000l\000l\000s}{part.4}% 23
\BOOKMARK [0][-]{chapter.19}{\376\377\000M\000y\000\040\000S\000o\000n}{part.4}% 24
\BOOKMARK [0][-]{chapter.20}{\376\377\000T\000h\000e\000\040\000I\000n\000c\000e\000n\000s\000e\000\040\000a\000n\000d\000\040\000t\000h\000e\000\040\000N\000a\000m\000e\000s}{part.4}% 25
\BOOKMARK [-1][-]{part.5}{\376\377\000V\000\040\000T\000h\000e\000\040\000W\000r\000i\000t\000i\000n\000g\000\040\000a\000s\000\040\000D\000e\000t\000e\000r\000r\000i\000t\000o\000r\000i\000a\000l\000i\000z\000a\000t\000i\000o\000n}{}% 26
\BOOKMARK [0][-]{chapter.21}{\376\377\000W\000h\000y\000\040\000W\000r\000i\000t\000e}{part.5}% 27
\BOOKMARK [0][-]{chapter.22}{\376\377\000W\000h\000a\000t\000\040\000t\000h\000e\000\040\000P\000u\000m\000a\000\040\000S\000a\000i\000d}{part.5}% 28
\BOOKMARK [0][-]{appendix.A}{\376\377\000A\000\040\000C\000a\000s\000t\000\040\000o\000f\000\040\000T\000h\000i\000n\000k\000e\000r\000s}{part.5}% 29
\BOOKMARK [0][-]{appendix.B}{\376\377\000T\000i\000m\000e\000l\000i\000n\000e\000\040\000o\000f\000\040\000K\000e\000y\000\040\000E\000v\000e\000n\000t\000s}{part.5}% 30
\BOOKMARK [0][-]{appendix.C}{\376\377\000A\000\040\000N\000o\000t\000e\000\040\000o\000n\000\040\000A\000m\000a\000z\000o\000n\000\040\000K\000D\000P\000\040\000S\000p\000e\000c\000i\000f\000i\000c\000a\000t\000i\000o\000n\000s}{part.5}% 31
\BOOKMARK [0][-]{appendix*.3}{\376\377\000A\000c\000k\000n\000o\000w\000l\000e\000d\000g\000m\000e\000n\000t\000s}{part.5}% 32
\BOOKMARK [0][-]{appendix*.4}{\376\377\000A\000b\000o\000u\000t\000\040\000t\000h\000e\000\040\000A\000u\000t\000h\000o\000r}{part.5}% 33
