\BOOKMARK [0][-]{chapter*.1}{\376\377\000B\000o\000o\000k\000\040\000I\000:\000\040\000T\000h\000e\000\040\000H\000i\000d\000d\000e\000n\000\040\000D\000o\000o\000r}{}% 1
\BOOKMARK [0][-]{chapter.1}{\376\377\000T\000h\000e\000\040\000G\000a\000r\000d\000e\000n\000e\000r\000\040\000a\000n\000d\000\040\000t\000h\000e\000\040\000F\000i\000e\000l\000d}{}% 2
\BOOKMARK [0][-]{chapter.2}{\376\377\000T\000h\000e\000\040\000F\000o\000u\000r\000\040\000T\000r\000a\000v\000e\000l\000e\000r\000s\000\040\000a\000n\000d\000\040\000t\000h\000e\000\040\000D\000o\000o\000r}{}% 3
\BOOKMARK [0][-]{chapter.3}{\376\377\000T\000h\000e\000\040\000K\000i\000n\000g\000\040\000W\000h\000o\000\040\000L\000a\000i\000d\000\040\000D\000o\000w\000n\000\040\000H\000i\000s\000\040\000C\000r\000o\000w\000n}{}% 4
\BOOKMARK [0][-]{chapter.4}{\376\377\000T\000h\000e\000\040\000C\000a\000r\000t\000o\000g\000r\000a\000p\000h\000e\000r\000\040\000a\000n\000d\000\040\000t\000h\000e\000\040\000S\000e\000a}{}% 5
\BOOKMARK [0][-]{chapter.5}{\376\377\000T\000h\000e\000\040\000M\000u\000s\000i\000c\000i\000a\000n\000\040\000W\000h\000o\000\040\000C\000o\000u\000l\000d\000\040\000N\000o\000t\000\040\000H\000e\000a\000r}{}% 6
\BOOKMARK [0][-]{chapter.6}{\376\377\000T\000h\000e\000\040\000W\000e\000a\000v\000e\000r\000\040\000a\000n\000d\000\040\000t\000h\000e\000\040\000T\000h\000r\000e\000a\000d}{}% 7
\BOOKMARK [0][-]{chapter.7}{\376\377\000T\000h\000e\000\040\000C\000l\000o\000c\000k\000m\000a\000k\000e\000r\000\040\000a\000n\000d\000\040\000t\000h\000e\000\040\000B\000r\000e\000a\000t\000h}{}% 8
\BOOKMARK [0][-]{chapter.8}{\376\377\000T\000h\000e\000\040\000W\000e\000l\000l\000\040\000W\000i\000t\000h\000o\000u\000t\000\040\000a\000\040\000B\000o\000t\000t\000o\000m}{}% 9
\BOOKMARK [0][-]{chapter.9}{\376\377\000T\000h\000e\000\040\000G\000a\000t\000e\000\040\000T\000h\000a\000t\000\040\000W\000a\000s\000\040\000T\000w\000o\000\040\000a\000n\000d\000\040\000O\000n\000e}{}% 10
\BOOKMARK [0][-]{chapter.10}{\376\377\000T\000h\000e\000\040\000L\000i\000b\000r\000a\000r\000y\000\040\000a\000t\000\040\000t\000h\000e\000\040\000E\000n\000d\000\040\000o\000f\000\040\000A\000l\000l\000\040\000T\000h\000i\000n\000g\000s}{}% 11
\BOOKMARK [0][-]{chapter.11}{\376\377\000T\000h\000e\000\040\000B\000u\000t\000t\000e\000r\000f\000l\000y\000\040\000a\000n\000d\000\040\000t\000h\000e\000\040\000N\000e\000t}{}% 12
\BOOKMARK [0][-]{chapter.12}{\376\377\000T\000h\000e\000\040\000W\000o\000m\000a\000n\000\040\000W\000h\000o\000\040\000C\000a\000r\000r\000i\000e\000d\000\040\000t\000h\000e\000\040\000D\000a\000w\000n}{}% 13
\BOOKMARK [0][-]{chapter.13}{\376\377\000T\000h\000e\000\040\000S\000a\000y\000i\000n\000g\000s\000\040\000o\000f\000\040\000t\000h\000e\000\040\000D\000o\000o\000r}{}% 14
\BOOKMARK [0][-]{chapter.14}{\376\377\000T\000h\000e\000\040\000L\000a\000s\000t\000\040\000S\000t\000o\000r\000y}{}% 15
\BOOKMARK [0][-]{chapter*.2}{\376\377\000B\000o\000o\000k\000\040\000I\000I\000:\000\040\000T\000h\000e\000\040\000U\000n\000i\000f\000i\000c\000a\000t\000i\000o\000n}{}% 16
\BOOKMARK [0][-]{chapter.15}{\376\377\000B\000e\000r\000e\000s\000h\000i\000t\000\040\000C\000h\000a\000d\000a\000s\000h\000\040\040\024\000\040\000T\000h\000e\000\040\000N\000e\000w\000\040\000B\000e\000g\000i\000n\000n\000i\000n\000g}{}% 17
\BOOKMARK [0][-]{chapter.16}{\376\377\000A\000v\000e\000r\000d\000\366\000n\000\040\040\024\000\040\000T\000h\000e\000\040\000B\000r\000e\000a\000t\000h\000-\000D\000o\000o\000r}{}% 18
\BOOKMARK [0][-]{chapter.17}{\376\377\000S\000h\000e\000m\000a\000\040\040\024\000\040\000T\000h\000e\000\040\000L\000i\000s\000t\000e\000n\000i\000n\000g}{}% 19
\BOOKMARK [0][-]{chapter.18}{\376\377\000A\000r\000b\000a\000\040\000R\000u\000c\000h\000o\000t\000\040\040\024\000\040\000T\000h\000e\000\040\000F\000o\000u\000r\000\040\000W\000i\000n\000d\000s}{}% 20
\BOOKMARK [0][-]{chapter.19}{\376\377\000Y\000i\000c\000h\000u\000d\000\040\040\024\000\040\000T\000h\000e\000\040\000U\000n\000i\000f\000i\000c\000a\000t\000i\000o\000n}{}% 21
\BOOKMARK [0][-]{chapter.20}{\376\377\000Y\000e\000s\000h\000u\000a\000h\000\040\040\024\000\040\000T\000h\000e\000\040\000D\000e\000l\000i\000v\000e\000r\000a\000n\000c\000e}{}% 22
\BOOKMARK [0][-]{chapter.21}{\376\377\000M\000a\000l\000k\000h\000u\000t\000\040\040\024\000\040\000T\000h\000e\000\040\000S\000o\000v\000e\000r\000e\000i\000g\000n\000t\000y}{}% 23
\BOOKMARK [0][-]{chapter.22}{\376\377\000T\000i\000k\000k\000u\000n\000\040\040\024\000\040\000T\000h\000e\000\040\000R\000e\000p\000a\000i\000r}{}% 24
\BOOKMARK [0][-]{chapter.23}{\376\377\000K\000i\000n\000y\000a\000n\000\040\040\024\000\040\000T\000h\000e\000\040\000A\000c\000q\000u\000i\000s\000i\000t\000i\000o\000n}{}% 25
\BOOKMARK [0][-]{chapter.24}{\376\377\000A\000r\000e\000t\001\023\000\040\000k\000a\000i\000\040\000E\000n\000k\000r\000a\000t\000e\000i\000a\000\040\040\024\000\040\000V\000i\000r\000t\000u\000e\000\040\000a\000n\000d\000\040\000C\000o\000n\000t\000i\000n\000e\000n\000c\000e}{}% 26
\BOOKMARK [0][-]{chapter.25}{\376\377\000I\000K\000V\000O\000T\000\040\040\024\000\040\000T\000r\000a\000c\000e\000s\000:\000\040\000T\000h\000e\000\040\000D\000e\000r\000r\000i\000d\000a\000\040\000C\000o\000n\000j\000u\000g\000a\000t\000i\000o\000n\000\040\040\024\000\040\000D\000i\000f\000f\000\351\000r\000a\000n\000c\000e\000,\000\040\000K\000h\000\364\000r\000a\000,\000\040\000a\000n\000d}{}% 27
\BOOKMARK [0][-]{chapter.26}{\376\377\000A\000c\000h\000a\000r\000i\000t\000\040\040\024\000\040\000T\000h\000e\000\040\000E\000n\000d\000\040\000T\000h\000a\000t\000\040\000I\000s\000\040\000N\000o\000t\000\040\000a\000n\000\040\000E\000n\000d}{}% 28
\BOOKMARK [0][-]{chapter.27}{\376\377\000A\000p\000p\000e\000n\000d\000i\000x\000\040\000A\000\040\040\024\000\040\000G\000l\000o\000s\000s\000a\000r\000y\000\040\000o\000f\000\040\000S\000a\000c\000r\000e\000d\000\040\000T\000e\000r\000m\000s}{}% 29
\BOOKMARK [0][-]{chapter.28}{\376\377\000A\000p\000p\000e\000n\000d\000i\000x\000\040\000B\000\040\040\024\000\040\000T\000h\000e\000\040\000F\000o\000u\000r\000\040\000D\000i\000r\000e\000c\000t\000i\000o\000n\000s\000\040\000P\000r\000a\000c\000t\000i\000c\000e}{}% 30
\BOOKMARK [0][-]{chapter.29}{\376\377\000A\000p\000p\000e\000n\000d\000i\000x\000\040\000C\000\040\040\024\000\040\000T\000h\000e\000\040\000S\000e\000v\000e\000n\000f\000o\000l\000d\000\040\000P\000r\000a\000y\000e\000r}{}% 31
\BOOKMARK [0][-]{chapter.30}{\376\377\000A\000p\000p\000e\000n\000d\000i\000x\000\040\000D\000\040\040\024\000\040\000T\000h\000e\000\040\000E\000t\000h\000i\000c\000s\000\040\000o\000f\000\040\000t\000h\000e\000\040\000T\000w\000o\000\040\000P\000o\000l\000e\000s}{}% 32
\BOOKMARK [0][-]{chapter*.3}{\376\377\000B\000o\000o\000k\000\040\000I\000I\000I\000:\000\040\000T\000h\000e\000\040\000W\000a\000i\000t\000i\000n\000g}{}% 33
\BOOKMARK [0][-]{chapter.31}{\376\377\000P\000r\000o\000l\000o\000g\000u\000e\000:\000\040\000T\000h\000e\000\040\000S\000h\000i\000p\000\040\000T\000h\000a\000t\000\040\000D\000o\000e\000s\000\040\000N\000o\000t\000\040\000A\000r\000r\000i\000v\000e}{}% 34
\BOOKMARK [0][-]{chapter.32}{\376\377\000O\000N\000\040\000L\000O\000V\000E\000\040\040\024\000\040\000T\000h\000e\000\040\000F\000i\000r\000s\000t\000\040\000L\000i\000s\000t\000e\000n\000i\000n\000g}{}% 35
\BOOKMARK [0][-]{chapter.33}{\376\377\000O\000N\000\040\000M\000A\000R\000R\000I\000A\000G\000E\000\040\040\024\000\040\000T\000h\000e\000\040\000S\000e\000c\000o\000n\000d\000\040\000L\000i\000s\000t\000e\000n\000i\000n\000g}{}% 36
\BOOKMARK [0][-]{chapter.34}{\376\377\000O\000N\000\040\000C\000H\000I\000L\000D\000R\000E\000N\000\040\040\024\000\040\000T\000h\000e\000\040\000T\000h\000i\000r\000d\000\040\000L\000i\000s\000t\000e\000n\000i\000n\000g}{}% 37
\BOOKMARK [0][-]{chapter.35}{\376\377\000O\000N\000\040\000G\000I\000V\000I\000N\000G\000\040\040\024\000\040\000T\000h\000e\000\040\000F\000o\000u\000r\000t\000h\000\040\000L\000i\000s\000t\000e\000n\000i\000n\000g}{}% 38
\BOOKMARK [0][-]{chapter.36}{\376\377\000O\000N\000\040\000E\000A\000T\000I\000N\000G\000\040\000A\000N\000D\000\040\000D\000R\000I\000N\000K\000I\000N\000G\000\040\040\024\000\040\000T\000h\000e\000\040\000F\000i\000f\000t\000h\000\040\000L\000i\000s\000t\000e\000n\000i\000n\000g}{}% 39
\BOOKMARK [0][-]{chapter.37}{\376\377\000O\000N\000\040\000W\000O\000R\000K\000\040\040\024\000\040\000T\000h\000e\000\040\000S\000i\000x\000t\000h\000\040\000L\000i\000s\000t\000e\000n\000i\000n\000g}{}% 40
\BOOKMARK [0][-]{chapter.38}{\376\377\000O\000N\000\040\000J\000O\000Y\000\040\000A\000N\000D\000\040\000S\000O\000R\000R\000O\000W\000\040\040\024\000\040\000T\000h\000e\000\040\000S\000e\000v\000e\000n\000t\000h\000\040\000L\000i\000s\000t\000e\000n\000i\000n\000g}{}% 41
\BOOKMARK [0][-]{chapter.39}{\376\377\000O\000N\000\040\000H\000O\000U\000S\000E\000S\000\040\040\024\000\040\000T\000h\000e\000\040\000E\000i\000g\000h\000t\000h\000\040\000L\000i\000s\000t\000e\000n\000i\000n\000g}{}% 42
\BOOKMARK [0][-]{chapter.40}{\376\377\000O\000N\000\040\000C\000L\000O\000T\000H\000E\000S\000\040\040\024\000\040\000T\000h\000e\000\040\000N\000i\000n\000t\000h\000\040\000L\000i\000s\000t\000e\000n\000i\000n\000g}{}% 43
\BOOKMARK [0][-]{chapter.41}{\376\377\000O\000N\000\040\000B\000U\000Y\000I\000N\000G\000\040\000A\000N\000D\000\040\000S\000E\000L\000L\000I\000N\000G\000\040\040\024\000\040\000T\000h\000e\000\040\000T\000e\000n\000t\000h\000\040\000L\000i\000s\000t\000e\000n\000i\000n\000g}{}% 44
\BOOKMARK [0][-]{chapter.42}{\376\377\000O\000N\000\040\000C\000R\000I\000M\000E\000\040\000A\000N\000D\000\040\000P\000U\000N\000I\000S\000H\000M\000E\000N\000T\000\040\040\024\000\040\000T\000h\000e\000\040\000E\000l\000e\000v\000e\000n\000t\000h\000\040\000L\000i\000s\000t\000e\000n\000i\000n\000g}{}% 45
\BOOKMARK [0][-]{chapter.43}{\376\377\000O\000N\000\040\000L\000A\000W\000S\000\040\040\024\000\040\000T\000h\000e\000\040\000T\000w\000e\000l\000f\000t\000h\000\040\000L\000i\000s\000t\000e\000n\000i\000n\000g}{}% 46
\BOOKMARK [0][-]{chapter.44}{\376\377\000O\000N\000\040\000F\000R\000E\000E\000D\000O\000M\000\040\040\024\000\040\000T\000h\000e\000\040\000T\000h\000i\000r\000t\000e\000e\000n\000t\000h\000\040\000L\000i\000s\000t\000e\000n\000i\000n\000g}{}% 47
\BOOKMARK [0][-]{chapter.45}{\376\377\000O\000N\000\040\000R\000E\000A\000S\000O\000N\000\040\000A\000N\000D\000\040\000P\000A\000S\000S\000I\000O\000N\000\040\040\024\000\040\000T\000h\000e\000\040\000F\000o\000u\000r\000t\000e\000e\000n\000t\000h\000\040\000L\000i\000s\000t\000e\000n\000i\000n\000g}{}% 48
\BOOKMARK [0][-]{chapter.46}{\376\377\000O\000N\000\040\000P\000A\000I\000N\000\040\040\024\000\040\000T\000h\000e\000\040\000F\000i\000f\000t\000e\000e\000n\000t\000h\000\040\000L\000i\000s\000t\000e\000n\000i\000n\000g}{}% 49
\BOOKMARK [0][-]{chapter.47}{\376\377\000O\000N\000\040\000S\000E\000L\000F\000-\000K\000N\000O\000W\000L\000E\000D\000G\000E\000\040\040\024\000\040\000T\000h\000e\000\040\000S\000i\000x\000t\000e\000e\000n\000t\000h\000\040\000L\000i\000s\000t\000e\000n\000i\000n\000g}{}% 50
\BOOKMARK [0][-]{chapter.48}{\376\377\000O\000N\000\040\000T\000E\000A\000C\000H\000I\000N\000G\000\040\040\024\000\040\000T\000h\000e\000\040\000S\000e\000v\000e\000n\000t\000e\000e\000n\000t\000h\000\040\000L\000i\000s\000t\000e\000n\000i\000n\000g}{}% 51
\BOOKMARK [0][-]{chapter.49}{\376\377\000O\000N\000\040\000F\000R\000I\000E\000N\000D\000S\000H\000I\000P\000\040\040\024\000\040\000T\000h\000e\000\040\000E\000i\000g\000h\000t\000e\000e\000n\000t\000h\000\040\000L\000i\000s\000t\000e\000n\000i\000n\000g}{}% 52
\BOOKMARK [0][-]{chapter.50}{\376\377\000O\000N\000\040\000T\000A\000L\000K\000I\000N\000G\000\040\040\024\000\040\000T\000h\000e\000\040\000N\000i\000n\000e\000t\000e\000e\000n\000t\000h\000\040\000L\000i\000s\000t\000e\000n\000i\000n\000g}{}% 53
\BOOKMARK [0][-]{chapter.51}{\376\377\000O\000N\000\040\000T\000I\000M\000E\000\040\040\024\000\040\000T\000h\000e\000\040\000T\000w\000e\000n\000t\000i\000e\000t\000h\000\040\000L\000i\000s\000t\000e\000n\000i\000n\000g}{}% 54
\BOOKMARK [0][-]{chapter.52}{\376\377\000O\000N\000\040\000G\000O\000O\000D\000\040\000A\000N\000D\000\040\000E\000V\000I\000L\000\040\040\024\000\040\000T\000h\000e\000\040\000T\000w\000e\000n\000t\000y\000-\000F\000i\000r\000s\000t\000\040\000L\000i\000s\000t\000e\000n\000i\000n\000g}{}% 55
\BOOKMARK [0][-]{chapter.53}{\376\377\000O\000N\000\040\000P\000R\000A\000Y\000E\000R\000\040\040\024\000\040\000T\000h\000e\000\040\000T\000w\000e\000n\000t\000y\000-\000S\000e\000c\000o\000n\000d\000\040\000L\000i\000s\000t\000e\000n\000i\000n\000g}{}% 56
\BOOKMARK [0][-]{chapter.54}{\376\377\000O\000N\000\040\000P\000L\000E\000A\000S\000U\000R\000E\000\040\040\024\000\040\000T\000h\000e\000\040\000T\000w\000e\000n\000t\000y\000-\000T\000h\000i\000r\000d\000\040\000L\000i\000s\000t\000e\000n\000i\000n\000g}{}% 57
\BOOKMARK [0][-]{chapter.55}{\376\377\000O\000N\000\040\000B\000E\000A\000U\000T\000Y\000\040\040\024\000\040\000T\000h\000e\000\040\000T\000w\000e\000n\000t\000y\000-\000F\000o\000u\000r\000t\000h\000\040\000L\000i\000s\000t\000e\000n\000i\000n\000g}{}% 58
\BOOKMARK [0][-]{chapter.56}{\376\377\000O\000N\000\040\000R\000E\000L\000I\000G\000I\000O\000N\000\040\040\024\000\040\000T\000h\000e\000\040\000T\000w\000e\000n\000t\000y\000-\000F\000i\000f\000t\000h\000\040\000L\000i\000s\000t\000e\000n\000i\000n\000g}{}% 59
\BOOKMARK [0][-]{chapter.57}{\376\377\000O\000N\000\040\000D\000E\000A\000T\000H\000\040\040\024\000\040\000T\000h\000e\000\040\000T\000w\000e\000n\000t\000y\000-\000S\000i\000x\000t\000h\000\040\000L\000i\000s\000t\000e\000n\000i\000n\000g}{}% 60
\BOOKMARK [0][-]{chapter.58}{\376\377\000T\000h\000e\000\040\000F\000a\000r\000e\000w\000e\000l\000l\000\040\040\024\000\040\000T\000h\000e\000\040\000D\000e\000p\000a\000r\000t\000u\000r\000e\000\040\000I\000n\000t\000o\000\040\000W\000a\000i\000t\000i\000n\000g}{}% 61
\BOOKMARK [0][-]{chapter*.4}{\376\377\000B\000o\000o\000k\000\040\000I\000V\000:\000\040\000T\000h\000e\000\040\000S\000c\000a\000r\000l\000e\000t\000\040\000L\000e\000t\000t\000e\000r}{}% 62
\BOOKMARK [0][-]{chapter.59}{\376\377\000P\000r\000o\000l\000o\000g\000u\000e\000:\000\040\000T\000h\000e\000\040\000L\000e\000t\000t\000e\000r\000\040\000A\000r\000r\000i\000v\000e\000s}{}% 63
\BOOKMARK [0][-]{chapter.60}{\376\377\000O\000n\000\040\000A\000d\000u\000l\000t\000e\000r\000y\000\040\040\024\000\040\000T\000h\000e\000\040\000N\000a\000m\000e\000\040\000T\000h\000a\000t\000\040\000W\000a\000s\000\040\000G\000i\000v\000e\000n}{}% 64
\BOOKMARK [0][-]{chapter.61}{\376\377\000O\000n\000\040\000A\000b\000l\000e\000\040\040\024\000\040\000T\000h\000e\000\040\000N\000a\000m\000e\000\040\000T\000h\000a\000t\000\040\000W\000a\000s\000\040\000E\000a\000r\000n\000e\000d}{}% 65
\BOOKMARK [0][-]{chapter.62}{\376\377\000O\000n\000\040\000A\000r\000t\000h\000u\000r\000\040\040\024\000\040\000T\000h\000e\000\040\000M\000a\000n\000\040\000W\000h\000o\000\040\000C\000o\000u\000l\000d\000\040\000N\000o\000t\000\040\000W\000e\000a\000r\000\040\000H\000i\000s\000\040\000L\000e\000t\000t\000e\000r}{}% 66
\BOOKMARK [0][-]{chapter.63}{\376\377\000O\000n\000\040\000P\000e\000a\000r\000l\000\040\040\024\000\040\000T\000h\000e\000\040\000L\000i\000v\000i\000n\000g\000\040\000L\000e\000t\000t\000e\000r}{}% 67
\BOOKMARK [0][-]{chapter.64}{\376\377\000O\000n\000\040\000A\000n\000g\000e\000l\000\040\040\024\000\040\000T\000h\000e\000\040\000N\000a\000m\000e\000\040\000T\000h\000a\000t\000\040\000W\000a\000s\000\040\000B\000e\000s\000t\000o\000w\000e\000d}{}% 68
\BOOKMARK [0][-]{chapter.65}{\376\377\000O\000n\000\040\000R\000o\000g\000e\000r\000\040\040\024\000\040\000T\000h\000e\000\040\000O\000n\000e\000\040\000W\000h\000o\000\040\000B\000e\000c\000a\000m\000e\000\040\000t\000h\000e\000\040\000L\000e\000t\000t\000e\000r\000'\000s\000\040\000O\000p\000p\000o\000s\000i\000t\000e}{}% 69
\BOOKMARK [0][-]{chapter.66}{\376\377\000T\000h\000e\000\040\000C\000o\000n\000s\000u\000m\000m\000a\000t\000i\000o\000n\000\040\040\024\000\040\000A\000\040\000i\000s\000\040\000f\000o\000r\000\040\000A\000v\000e\000r\000d\000\366\000n}{}% 70
\BOOKMARK [0][-]{chapter*.5}{\376\377\000C\000o\000l\000o\000p\000h\000o\000n}{}% 71
